Name: test_files
Definition (definition.package):
package test_files

Name: Pattern0
Doc:
// Pattern 0.
Definition (definition.class):
type Pattern0 struct {
	a string
}
Lineage: [test_files]
Lineage types: [package]

Name: Pattern1
Doc:
// Pattern 1.
Definition (definition.interface):
type Pattern1 interface {
	// Hi
	a() string
}
Lineage: [test_files]
Lineage types: [package]

Name: a
Parameters: ()
Return type: string
Doc:
// Hi
Declaration (definition.method):
a() string
Lineage: [test_files Pattern1]
Lineage types: [package interface]

Name: Pattern2
Parameters: ()
Definition (definition.function):
func Pattern2() {}
Lineage: [test_files]
Lineage types: [package]

Name: Method
Parameters: (string)
Doc:
// Comments
// here.
Definition (definition.method):
func (p *Pattern0) Method(string) {}
Lineage: [test_files *Pattern0]
Lineage types: [package class]

Name: Method2
Parameters: (a string)
Return type: string
Definition (definition.method):
func (p Pattern0) Method2(a string) string {
	Pattern2()
	s := &Pattern0{a: "foo"}
	s.Method("")
	((*Pattern0)(s)).Method("")
	var s2 any
	s2.(*Pattern0).Method("")
	return a
}
Lineage: [test_files Pattern0]
Lineage types: [package class]

Name: Pattern2
Parameters: ()
Reference (reference.call):
Pattern2()

Name: Pattern0
Parameters: {a: "foo"}
Reference (reference.class):
Pattern0{a: "foo"}

Name: Method
Parent: s
Parameters: ("")
Reference (reference.call):
s.Method("")

Name: Method
Parameters: ("")
Reference (reference.call):
((*Pattern0)(s)).Method("")

Name: Method
Parameters: ("")
Reference (reference.call):
s2.(*Pattern0).Method("")

Name: Alias
Definition (definition.type):
Alias string
Lineage: [test_files]
Lineage types: [package]
