Name: Pattern1a
Doc:
/**
 * Pattern 1a comment.
 */
Definition (definition.class):
class Pattern1a {
  constructor() {}
  /**
   * Pattern 0 comment.
   */
  pattern0(param1) {
    return param1;
  }
}

Name: pattern0
Parameters: (param1)
Doc:
/**
   * Pattern 0 comment.
   */
Definition (definition.method):
pattern0(param1) {
    return param1;
  }
Lineage: [Pattern1a]

Name: Pattern1b
Doc:
// Pattern 1b comment.
Definition (definition.class):
export class Pattern1b {}

Name: pattern2
Parameters: (param1)
Doc:
// Pattern 2 comment.
// More pattern 2 comment.
/* Even more
 * pattern 2 comment.
 */
Definition (definition.function):
function pattern2(param1) {
  return param1;
}

Name: f
Parameters: ()
Doc:
// f comment.
Definition (definition.function):
export function f() {}

Name: g
Parameters: ()
Doc:
// g comment.
Definition (definition.function):
function* g() {}

Name: pattern3
Parameters: (param1)
Doc:
/**
 * Pattern 3 comment.
 */
Definition (definition.function):
export default function* pattern3(param1) {
  yield param1;
}

Name: pattern4a
Parameters: (param1)
Doc:
/**
 * Pattern 4a comment.
 */
Definition (definition.function):
const pattern4a = function (param1) {
  return param1;
};

Name: pattern4b
Parameters: (param1)
Doc:
/**
 * Pattern 4b comment.
 */
Definition (definition.function):
export const pattern4b = (param1) => {};

Name: pattern5a
Parameters: (param1)
Doc:
/**
 * Pattern 5a comment.
 */
Definition (definition.function):
export var pattern5a = function (param1) {
  return param1;
};

Name: pattern5b
Parameters: (param1)
Doc:
/**
 * Pattern 5b comment.
 */
Definition (definition.function):
var pattern5b = (param1) => {};

Name: pattern6a
Parameters: (a)
Doc:
// Pattern 6a comment.
Definition (definition.function):
pattern6a = function(a) {};

Name: pattern6b
Parameters: (b)
Doc:
// Pattern 6b comment.
Definition (definition.function):
pattern6b = (b) => {};

Name: member
Parameters: (c)
Doc:
// Pattern 6c comment.
Definition (definition.function):
pattern6c.member = function(c) {};

Name: member
Parameters: (d)
Doc:
// Pattern 6d comment.
Definition (definition.function):
pattern6d.member = (d) => {};

Name: pattern7a
Parameters: (a)
Doc:
// Pattern 7a comment.
Definition (definition.function):
pattern7a: function(a) {}

Name: pattern7b
Parameters: (b)
Doc:
// Pattern 7b comment.
Definition (definition.function):
pattern7b: (b) => {}

Name: pattern8
Reference (reference.call):
pattern8(a)

Name: member
Reference (reference.call):
pattern9.member(a)

Name: Pattern10
Reference (reference.class):
new Pattern10(a)

Name: Pattern11
Doc:
// Comment
Definition (definition.class):
const Pattern11 = class Ignore {};

Name: Pattern12
Doc:
// Comment
Definition (definition.class):
export var Pattern12 = class Ignore {};
